01-01 07:04:14.445   897  3199 D WifiNative-p2p0: DRIVER COUNTRY 00: returned true
01-01 07:04:15.135  6990  6990 D wpa_supplicant: RTM_NEWLINK: ifi_index=31 ifname=p2p0 operstate=2 linkmode=1 ifi_family=0 ifi_flags=0x1003 ([UP])
01-01 07:04:15.243  6990  6990 D wpa_supplicant: EAPOL: disable timer tick
01-01 07:04:15.255  6990  6990 D wpa_supplicant: EAPOL: disable timer tick
01-01 07:04:17.669  6990  6990 D wpa_supplicant: nl80211: Drv Event 34 (NL80211_CMD_NEW_SCAN_RESULTS) received for wlan0
01-01 07:04:17.670  6990  6990 D wpa_supplicant: wlan0: nl80211: New scan results available
01-01 07:04:17.672  6990  6990 D wpa_supplicant: nl80211: Scan included frequencies: 2412 2417 2422 2427 2432 2437 2442 2447 2452 2457 2462 5180 5200 5220 5240 5260 5280 5300 5320 5500 5520 5540 5560 5580 5600 5620 5640 5660 5680 5700 5720 5745 5765 5785 5805 5825
01-01 07:04:17.673  6990  6990 D wpa_supplicant: wlan0: Event SCAN_RESULTS (3) received
01-01 07:04:17.674  6990  6990 D wpa_supplicant: wlan0: Scan completed in 3.274895 seconds
01-01 07:04:17.676  6990  6990 D wpa_supplicant: nl80211: Received scan results (7 BSSes)
01-01 07:04:17.677  6990  6990 D wpa_supplicant: wlan0: BSS: Start scan result update 1
01-01 07:04:17.679  6990  6990 D wpa_supplicant: wlan0: BSS: Add new id 0 BSSID 44:97:5a:50:82:f8 SSID 'wzj'
01-01 07:04:17.680  6990  6990 D wpa_supplicant: CTRL-DEBUG: ctrl_sock-sendmsg: sock=12 sndbuf=212992 outq=0 send_len=40
01-01 07:04:17.682  6990  6990 D wpa_supplicant: CTRL_IFACE monitor sent successfully to /data/misc/wifi/sockets/wpa_ctrl_897-11\x00
01-01 07:04:17.683  6990  6990 D wpa_supplicant: wlan0: BSS: Add new id 1 BSSID 74:c9:a3:06:28:e1 SSID 'CMCC-Wireless'
01-01 07:04:17.685  6990  6990 D wpa_supplicant: CTRL-DEBUG: ctrl_sock-sendmsg: sock=12 sndbuf=212992 outq=0 send_len=40
01-01 07:04:17.687  6990  6990 D wpa_supplicant: CTRL_IFACE monitor sent successfully to /data/misc/wifi/sockets/wpa_ctrl_897-11\x00
01-01 07:04:17.689  6990  6990 D wpa_supplicant: wlan0: BSS: Add new id 2 BSSID a0:8c:f8:e7:35:08 SSID 'CMCC-PvJk'
01-01 07:04:17.690  6990  6990 D wpa_supplicant: CTRL-DEBUG: ctrl_sock-sendmsg: sock=12 sndbuf=212992 outq=0 send_len=40
01-01 07:04:17.691  6990  6990 D wpa_supplicant: CTRL_IFACE monitor sent successfully to /data/misc/wifi/sockets/wpa_ctrl_897-11\x00
01-01 07:04:17.692  6990  6990 D wpa_supplicant: wlan0: BSS: Add new id 3 BSSID 0c:82:68:5e:68:6e SSID 'Mars50MB'
01-01 07:04:17.693  6990  6990 D wpa_supplicant: CTRL-DEBUG: ctrl_sock-sendmsg: sock=12 sndbuf=212992 outq=0 send_len=40
01-01 07:04:17.694  6990  6990 D wpa_supplicant: CTRL_IFACE monitor sent successfully to /data/misc/wifi/sockets/wpa_ctrl_897-11\x00
01-01 07:04:17.694  6990  6990 D wpa_supplicant: wlan0: BSS: Add new id 4 BSSID 8c:21:0a:72:07:04 SSID 'TP-LINK_720704'
01-01 07:04:17.695  6990  6990 D wpa_supplicant: CTRL-DEBUG: ctrl_sock-sendmsg: sock=12 sndbuf=212992 outq=0 send_len=40
01-01 07:04:17.696  6990  6990 D wpa_supplicant: CTRL_IFACE monitor sent successfully to /data/misc/wifi/sockets/wpa_ctrl_897-11\x00
01-01 07:04:17.697  6990  6990 D wpa_supplicant: wlan0: BSS: Add new id 5 BSSID 74:c9:a3:06:2f:fd SSID 'CMCC-73ed'
01-01 07:04:17.697  6990  6990 D wpa_supplicant: CTRL-DEBUG: ctrl_sock-sendmsg: sock=12 sndbuf=212992 outq=0 send_len=40
01-01 07:04:17.699  6990  6990 D wpa_supplicant: CTRL_IFACE monitor sent successfully to /data/misc/wifi/sockets/wpa_ctrl_897-11\x00
01-01 07:04:17.699  6990  6990 D wpa_supplicant: wlan0: BSS: Add new id 6 BSSID 30:fc:68:f8:ab:75 SSID 'NB dou'
01-01 07:04:17.700  6990  6990 D wpa_supplicant: CTRL-DEBUG: ctrl_sock-sendmsg: sock=12 sndbuf=212992 outq=0 send_len=40
01-01 07:04:17.701  6990  6990 D wpa_supplicant: CTRL_IFACE monitor sent successfully to /data/misc/wifi/sockets/wpa_ctrl_897-11\x00
01-01 07:04:17.702  6990  6990 D wpa_supplicant: BSS: last_scan_res_used=7/32
01-01 07:04:17.702  6990  6990 D wpa_supplicant: wlan0: Scan-only results received
01-01 07:04:17.703  6990  6990 D wpa_supplicant: CTRL-DEBUG: ctrl_sock-sendmsg: sock=12 sndbuf=212992 outq=0 send_len=24
01-01 07:04:17.704   897  6991 D WifiMonitor: Event [IFNAME=wlan0 CTRL-EVENT-SCAN-RESULTS ]
01-01 07:04:17.705  6990  6990 D wpa_supplicant: CTRL_IFACE monitor sent successfully to /data/misc/wifi/sockets/wpa_ctrl_897-11\x00
01-01 07:04:17.705   897  6991 E WifiMonitor: WifiMonitor:wlan0 cnt=119 dispatchEvent: CTRL-EVENT-SCAN-RESULTS 
01-01 07:04:17.706  6990  6990 D wpa_supplicant: CTRL-DEBUG: ctrl_sock-sendmsg: sock=12 sndbuf=212992 outq=0 send_len=17
01-01 07:04:17.706   897  6991 E WifiMonitor: handleEvent 4  CTRL-EVENT-SCAN-RESULTS 
01-01 07:04:17.707  6990  6990 D wpa_supplicant: CTRL_IFACE monitor sent successfully to /data/misc/wifi/sockets/wpa_ctrl_897-11\x00
01-01 07:04:17.708  6990  6990 D wpa_supplicant: wlan0: Radio work 'scan'@0x7fa5a5c140 done in 3.312932 seconds
01-01 07:04:17.708   897  3200 D WifiStateMachine:  DisconnectedState !SCAN_RESULTS_EVENT  rt=425993/425993 0 0 found=0 known=0 got=8 on:6105,36460,7 tx:23,272,1 bcn=0 con=1
01-01 07:04:17.709   897  6991 D WifiMonitor: Event [IFNAME=wlan0 WPS-AP-AVAILABLE ]
01-01 07:04:17.710   897  3200 D WifiStateMachine:  ConnectModeState !SCAN_RESULTS_EVENT  rt=425995/425995 0 0 found=0 known=0 got=8 on:6105,36460,7 tx:23,272,1 bcn=0 con=1
01-01 07:04:17.710   897  6991 E WifiMonitor: WifiMonitor:wlan0 cnt=120 dispatchEvent: WPS-AP-AVAILABLE 
01-01 07:04:17.712   897  3200 D WifiStateMachine:  DriverStartedState !SCAN_RESULTS_EVENT  rt=425997/425997 0 0 found=0 known=0 got=8 on:6105,36460,7 tx:23,272,1 bcn=0 con=1
01-01 07:04:17.712   897  6991 W WifiMonitor: couldn't identify event type - WPS-AP-AVAILABLE 
01-01 07:04:17.713   897  3200 D WifiStateMachine:  SupplicantStartedState !SCAN_RESULTS_EVENT  rt=425998/425998 0 0 found=0 known=0 got=8 on:6105,36460,7 tx:23,272,1 bcn=0 con=1
01-01 07:04:17.718   897  3200 D WifiStateMachine: [1,451,649,857,717 ms] noteScanEnd no scan source onTime=3332
01-01 07:04:17.718   897  3200 D WifiNative-wlan0: doString: [BSS RANGE=0- MASK=0x29d87]
01-01 07:04:17.719  6990  6990 D wpa_supplicant: wlan0: Control interface command 'BSS RANGE=0- MASK=0x29d87'
01-01 07:04:17.722  6990  6990 D wpa_supplicant: CTRL-DEBUG: global_ctrl_sock-sendto: sock=12 sndbuf=212992 outq=0 send_len=3668
01-01 07:04:17.723   897  3200 D WifiNative-wlan0: doString: [BSS RANGE=5- MASK=0x29d87]
01-01 07:04:17.724  6990  6990 D wpa_supplicant: wlan0: Control interface command 'BSS RANGE=5- MASK=0x29d87'
01-01 07:04:17.725  6990  6990 D wpa_supplicant: CTRL-DEBUG: global_ctrl_sock-sendto: sock=12 sndbuf=212992 outq=0 send_len=1097
01-01 07:04:17.728   897  3200 D WifiStateMachine: wifi setScanResults statecom.android.server.wifi.WifiStateMachine$DisconnectedState@61d8090 sup_state=SCANNING debouncing=false mConnectionRequests=1 selection=<none> mNumScanResultsReturned 7 mScanResults 7
01-01 07:04:17.728   897  3200 D WifiAutoJoinController :  addToScanCache wzj 44:97:5a:50:82:f8 tsf=425952983 now= 1451649857728 uptime=426014 elapsed=426014
01-01 07:04:17.729   897  3200 D WifiAutoJoinController : wzj 44:97:5a:50:82:f8 rssi=-52 cap [WPA-PSK-CCMP][WPA2-PSK-CCMP][ESS] tsf 425952983 is not scored
01-01 07:04:17.730   897  3200 D WifiAutoJoinController :  addToScanCache CMCC-Wireless 74:c9:a3:06:28:e1 tsf=425953042 now= 1451649857728 uptime=426015 elapsed=426015
01-01 07:04:17.730   897  3200 D WifiAutoJoinController : CMCC-Wireless 74:c9:a3:06:28:e1 rssi=-61 cap [WPA2-PSK-CCMP][ESS] tsf 425953042 is not scored
01-01 07:04:17.731   897  3200 D WifiAutoJoinController :  addToScanCache CMCC-PvJk a0:8c:f8:e7:35:08 tsf=425953154 now= 1451649857728 uptime=426016 elapsed=426016
01-01 07:04:17.732   897  3200 D WifiAutoJoinController : CMCC-PvJk a0:8c:f8:e7:35:08 rssi=-69 cap [WPA-PSK-CCMP+TKIP][WPA2-PSK-CCMP+TKIP][WPS][ESS] tsf 425953154 is not scored
01-01 07:04:17.732   897  3200 D WifiAutoJoinController :  addToScanCache Mars50MB 0c:82:68:5e:68:6e tsf=425953192 now= 1451649857728 uptime=426018 elapsed=426018
01-01 07:04:17.733   897  3200 D WifiAutoJoinController : Mars50MB 0c:82:68:5e:68:6e rssi=-76 cap [WPA-PSK-CCMP][WPA2-PSK-CCMP][WPS][ESS] tsf 425953192 is not scored
01-01 07:04:17.734   897  3200 D WifiAutoJoinController :  addToScanCache TP-LINK_720704 8c:21:0a:72:07:04 tsf=425953230 now= 1451649857728 uptime=426019 elapsed=426019
01-01 07:04:17.735   897  3200 D WifiAutoJoinController : TP-LINK_720704 8c:21:0a:72:07:04 rssi=-78 cap [WPA-PSK-CCMP][WPA2-PSK-CCMP][WPS][ESS] tsf 425953230 is not scored
01-01 07:04:17.735   897  3200 D WifiAutoJoinController :  addToScanCache CMCC-73ed 74:c9:a3:06:2f:fd tsf=425953081 now= 1451649857728 uptime=426020 elapsed=426020
01-01 07:04:17.736   897  3200 D WifiAutoJoinController : CMCC-73ed 74:c9:a3:06:2f:fd rssi=-81 cap [WPA-PSK-CCMP][WPA2-PSK-CCMP][ESS] tsf 425953081 is not scored
01-01 07:04:17.737   897  3200 D WifiAutoJoinController :  addToScanCache NB dou 30:fc:68:f8:ab:75 tsf=425953117 now= 1451649857728 uptime=426022 elapsed=426022
01-01 07:04:17.737   897  3200 D WifiAutoJoinController : NB dou 30:fc:68:f8:ab:75 rssi=-83 cap [WPA-PSK-CCMP][WPA2-PSK-CCMP][ESS] tsf 425953117 is not scored
01-01 07:04:17.738   897  3200 D WifiAutoJoinController : ageScanResultsOut delay 40000 size 9 now 1451649857738
01-01 07:04:17.739   897  3200 D WifiAutoJoinController : newSupplicantResults size=7 known=0 true
01-01 07:04:17.739   897  3200 D WifiNative-wlan0: doString: [STATUS-NO_EVENTS]
01-01 07:04:17.740  6990  6990 D wpa_supplicant: wlan0: Control interface command 'STATUS-NO_EVENTS'
01-01 07:04:17.740  6990  6990 D wpa_supplicant: EAPOL: EAP Session-Id not available
01-01 07:04:17.741  6990  6990 D wpa_supplicant: CTRL-DEBUG: global_ctrl_sock-sendto: sock=12 sndbuf=212992 outq=0 send_len=124
01-01 07:04:17.742   897  3200 D WifiNative-wlan0:    returned wpa_state=SCANNING p2p_device_address=66:bc:0c:4b:75:80 address=64:bc:0c:4b:75:80 uuid=487afac5-f212-53aa-9404-81339b5c3cde
01-01 07:04:17.742   897  3200 D WifiAutoJoinController : attemptAutoJoin() status=wpa_state=SCANNING
01-01 07:04:17.742   897  3200 D WifiAutoJoinController : p2p_device_address=66:bc:0c:4b:75:80
01-01 07:04:17.742   897  3200 D WifiAutoJoinController : address=64:bc:0c:4b:75:80
01-01 07:04:17.742   897  3200 D WifiAutoJoinController : uuid=487afac5-f212-53aa-9404-81339b5c3cde
01-01 07:04:17.743   897  3200 D WifiAutoJoinController : attemptAutoJoin() num recent config 0 ---> suppNetId=-1
01-01 07:04:17.744   897  3200 D WifiAutoJoinController : attemptRoam not associated
01-01 07:04:17.744   897  3200 D WifiAutoJoinController : Done attemptAutoJoin status=0
01-01 07:04:17.745   897  3200 E WifiConfigStore:  writeKnownNetworkHistory() num networks:0 needWrite=false
